<html>
<body>
<pre>
<h1>µVision Build Log</h1>
<h2>Tool Versions:</h2>
IDE-Version: µVision V5.26.2.0
Copyright (C) 2018 ARM Ltd and ARM Germany GmbH. All rights reserved.
License Information: pablo angusto, unizar, LIC=----
 
Tool Versions:
Toolchain:       MDK-Lite  Version: 5.26.2.0
Toolchain Path:  D:\keil\ARM\ARMCC\Bin
C Compiler:      Armcc.exe V5.06 update 6 (build 750)
Assembler:       Armasm.exe V5.06 update 6 (build 750)
Linker/Locator:  ArmLink.exe V5.06 update 6 (build 750)
Library Manager: ArmAr.exe V5.06 update 6 (build 750)
Hex Converter:   FromElf.exe V5.06 update 6 (build 750)
CPU DLL:         SARM.DLL V5.26.2.0
Dialog DLL:      DARMP.DLL V1.53.0.0
Target DLL:      UL2ARM.DLL V1.74.10.0
Dialog DLL:      TARMP.DLL V1.53.0.0
 
<h2>Project:</h2>
D:\proyectoHardware\Proyecto_hardware\keil_reversi\keil_reversi.uvproj
Project File Date:  10/17/2023

<h2>Output:</h2>
*** Using Compiler 'V5.06 update 6 (build 750)', folder: 'D:\keil\ARM\ARMCC\Bin'
Rebuild target 'Simulator'
assembling Startup.s...
compiling timer0.c...
compiling Power_management.c...
compiling Retarget.c...
compiling main.c...
compiling temporizador_hal.c...
compiling boton_eint0.c...
compiling temporizador_drv.c...
compiling fifo.c...
fifo.c(31): warning:  #550-D: parameter "ID_evento"  was set but never used
  uint8_t FIFO_extraer(EVENTO_T *ID_evento, uint32_t* auxData){
fifo.c(31): warning:  #550-D: parameter "auxData"  was set but never used
  uint8_t FIFO_extraer(EVENTO_T *ID_evento, uint32_t* auxData){
fifo.c: 2 warnings, 0 errors
linking...
Program Size: Code=1396 RO-data=32 RW-data=16 ZI-data=2272  
".\keil_reversi.axf" - 0 Error(s), 2 Warning(s).
Build Time Elapsed:  00:00:01
</pre>
</body>
</html>
